[13:16:24] [main/INFO] (FabricLoader/GameProvider) Loading Minecraft 1.21.1 with Fabric Loader 0.16.9
[13:16:26] [main/INFO] (FabricLoader) Loading 55 mods:
	- blocklings 1.0.5
	- fabric-api 0.109.0+1.21.1
	- fabric-api-base 0.4.42+6573ed8c19
	- fabric-api-lookup-api-v1 1.6.70+b559734419
	- fabric-biome-api-v1 13.0.30+be1ed2d719
	- fabric-block-api-v1 1.0.22+0af3f5a719
	- fabric-block-view-api-v2 1.0.10+6573ed8c19
	- fabric-blockrenderlayer-v1 1.1.52+0af3f5a719
	- fabric-client-tags-api-v1 1.1.15+6573ed8c19
	- fabric-command-api-v1 1.2.49+f71b366f19
	- fabric-command-api-v2 2.2.28+6ced4dd919
	- fabric-commands-v0 0.2.66+df3654b319
	- fabric-content-registries-v0 8.0.18+b559734419
	- fabric-convention-tags-v1 2.1.2+7f945d5b19
	- fabric-convention-tags-v2 2.9.2+e60e56d419
	- fabric-crash-report-info-v1 0.2.29+0af3f5a719
	- fabric-data-attachment-api-v1 1.4.0+da19b51a19
	- fabric-data-generation-api-v1 20.2.23+16c4ae2519
	- fabric-dimensions-v1 4.0.0+6fc22b9919
	- fabric-entity-events-v1 1.7.0+2122d82819
	- fabric-events-interaction-v0 0.7.13+ba9dae0619
	- fabric-game-rule-api-v1 1.0.53+6ced4dd919
	- fabric-gametest-api-v1 2.0.5+6fc22b9919
	- fabric-item-api-v1 11.1.1+d5debaed19
	- fabric-item-group-api-v1 4.1.6+6823f7cd19
	- fabric-key-binding-api-v1 1.0.47+0af3f5a719
	- fabric-keybindings-v0 0.2.45+df3654b319
	- fabric-lifecycle-events-v1 2.5.0+01d9a51c19
	- fabric-loot-api-v2 3.0.15+3f89f5a519
	- fabric-loot-api-v3 1.0.3+3f89f5a519
	- fabric-message-api-v1 6.0.13+6573ed8c19
	- fabric-model-loading-api-v1 2.0.0+fe474d6b19
	- fabric-networking-api-v1 4.3.0+c7469b2119
	- fabric-object-builder-api-v1 15.2.1+40875a9319
	- fabric-particles-v1 4.0.2+6573ed8c19
	- fabric-recipe-api-v1 5.0.13+6508971219
	- fabric-registry-sync-v0 5.1.3+60c3209b19
	- fabric-renderer-api-v1 3.4.0+c705a49c19
	- fabric-renderer-indigo 1.7.0+c705a49c19
	- fabric-renderer-registries-v1 3.2.68+df3654b319
	- fabric-rendering-data-attachment-v1 0.3.48+73761d2e19
	- fabric-rendering-fluids-v1 3.1.6+1daea21519
	- fabric-rendering-v0 1.1.71+df3654b319
	- fabric-rendering-v1 5.0.5+df16efd019
	- fabric-resource-conditions-api-v1 4.3.0+8dc279b119
	- fabric-resource-loader-v0 1.3.1+5b5275af19
	- fabric-screen-api-v1 2.0.25+8b68f1c719
	- fabric-screen-handler-api-v1 1.3.87+b559734419
	- fabric-sound-api-v1 1.0.23+6573ed8c19
	- fabric-transfer-api-v1 5.4.2+95bead5f19
	- fabric-transitive-access-wideners-v1 6.1.0+1daea21519
	- fabricloader 0.16.9
	- java 21
	- minecraft 1.21.1
	- mixinextras 0.4.1
[13:16:27] [main/INFO] (FabricLoader/Mixin) SpongePowered MIXIN Subsystem Version=0.8.7 Source=file:/C:/Users/Mick64Bits/.gradle/caches/modules-2/files-2.1/net.fabricmc/sponge-mixin/0.15.4+mixin.0.8.7/6a12aacc794f1078458433116e9ed42c1cc98096/sponge-mixin-0.15.4+mixin.0.8.7.jar Service=Knot/Fabric Env=CLIENT
[13:16:27] [main/INFO] (FabricLoader/Mixin) Loaded Fabric development mappings for mixin remapper!
[13:16:27] [main/INFO] (FabricLoader/Mixin) Compatibility level set to JAVA_17
[13:16:27] [main/INFO] (FabricLoader/Mixin) Compatibility level set to JAVA_21
[13:16:30] [main/INFO] (FabricLoader/MixinExtras|Service) Initializing MixinExtras via com.llamalad7.mixinextras.service.MixinExtrasServiceImpl(version=0.4.1).
[13:16:33] [Datafixer Bootstrap/INFO] (Minecraft) 226 Datafixer optimizations took 1077 milliseconds
[13:16:50] [Render thread/INFO] (Minecraft) Environment: Environment[sessionHost=https://sessionserver.mojang.com, servicesHost=https://api.minecraftservices.com, name=PROD]
[13:16:50] [Render thread/INFO] (Minecraft) Setting user: Player258
[13:16:50] [Render thread/ERROR] (Minecraft) No data fixer registered for blocklings:blockling
[13:16:51] [Render thread/INFO] (BlocklingsConstants) Loaded Fabric config from C:\Mes mods crée\mm\Blocklings-Revival\fabric\runs\client\config\blocklings-common.toml
[13:16:51] [Render thread/INFO] (BlocklingsConstants) Blocklings Revival — loader: FabricPlatformHelper
[13:16:51] [Render thread/INFO] (BlocklingsConstants) Blocklings: integrations — standalone
[13:16:51] [Render thread/INFO] (BlocklingsConstants) Blocklings: Fabric network bridge ready
[13:16:51] [Render thread/INFO] (BlocklingsConstants) Blocklings message registry initialized (40 packets)
[13:16:51] [Render thread/INFO] (BlocklingsConstants) Blocklings network initialized (server-authoritative, anti-dupe guard active)
[13:16:51] [Render thread/INFO] (blocklings/spawn) [SpawnDebug] ENABLED for blocklings:blockling — grep latest.log for [SpawnDebug]
[13:16:51] [Render thread/INFO] (BlocklingsConstants) Blocklings natural spawns registered (overworld 24, plains/forest +10, nether 12, end 10, groups 1-2)
[13:16:51] [Render thread/INFO] (blocklings/spawn) [SpawnDebug] registration complete — dump runs on server start
[13:16:52] [Render thread/INFO] (Indigo) [Indigo] Registering Indigo renderer!
[13:16:54] [Render thread/INFO] (Minecraft) Backend library: LWJGL version 3.3.3-snapshot
[13:16:57] [Render thread/INFO] (Minecraft) Reloading ResourceManager: vanilla, fabric, blocklings, fabric-api, fabric-api-base, fabric-api-lookup-api-v1, fabric-biome-api-v1, fabric-block-api-v1, fabric-block-view-api-v2, fabric-blockrenderlayer-v1, fabric-client-tags-api-v1, fabric-command-api-v1, fabric-command-api-v2, fabric-commands-v0, fabric-content-registries-v0, fabric-convention-tags-v1, fabric-convention-tags-v2, fabric-crash-report-info-v1, fabric-data-attachment-api-v1, fabric-data-generation-api-v1, fabric-dimensions-v1, fabric-entity-events-v1, fabric-events-interaction-v0, fabric-game-rule-api-v1, fabric-gametest-api-v1, fabric-item-api-v1, fabric-item-group-api-v1, fabric-key-binding-api-v1, fabric-keybindings-v0, fabric-lifecycle-events-v1, fabric-loot-api-v2, fabric-loot-api-v3, fabric-message-api-v1, fabric-model-loading-api-v1, fabric-networking-api-v1, fabric-object-builder-api-v1, fabric-particles-v1, fabric-recipe-api-v1, fabric-registry-sync-v0, fabric-renderer-api-v1, fabric-renderer-indigo, fabric-renderer-registries-v1, fabric-rendering-data-attachment-v1, fabric-rendering-fluids-v1, fabric-rendering-v0, fabric-rendering-v1, fabric-resource-conditions-api-v1, fabric-resource-loader-v0, fabric-screen-api-v1, fabric-screen-handler-api-v1, fabric-sound-api-v1, fabric-transfer-api-v1, fabric-transitive-access-wideners-v1, fabricloader
[13:16:57] [Worker-Main-10/INFO] (Minecraft) Found unifont_all_no_pua-15.1.05.hex, loading
[13:16:58] [Worker-Main-3/INFO] (Minecraft) Found unifont_jp_patch-15.1.05.hex, loading
[13:17:01] [Render thread/WARN] (Minecraft) Missing sound for event: minecraft:item.goat_horn.play
[13:17:01] [Render thread/WARN] (Minecraft) Missing sound for event: minecraft:entity.goat.screaming.horn_break
[13:17:01] [Render thread/INFO] (Minecraft) OpenAL initialized on device OpenAL Soft on Haut-parleurs (PRO X)
[13:17:01] [Render thread/INFO] (Minecraft) Sound engine started
[13:17:02] [Render thread/INFO] (Minecraft) Created: 1024x512x4 minecraft:textures/atlas/blocks.png-atlas
[13:17:02] [Render thread/INFO] (Minecraft) Created: 256x256x4 minecraft:textures/atlas/signs.png-atlas
[13:17:02] [Render thread/INFO] (Minecraft) Created: 512x512x4 minecraft:textures/atlas/banner_patterns.png-atlas
[13:17:02] [Render thread/INFO] (Minecraft) Created: 512x512x4 minecraft:textures/atlas/shield_patterns.png-atlas
[13:17:02] [Render thread/INFO] (Minecraft) Created: 1024x1024x4 minecraft:textures/atlas/armor_trims.png-atlas
[13:17:02] [Render thread/INFO] (Minecraft) Created: 256x256x4 minecraft:textures/atlas/chest.png-atlas
[13:17:02] [Render thread/INFO] (Minecraft) Created: 128x64x4 minecraft:textures/atlas/decorated_pot.png-atlas
[13:17:02] [Render thread/INFO] (Minecraft) Created: 512x256x4 minecraft:textures/atlas/beds.png-atlas
[13:17:02] [Render thread/INFO] (Minecraft) Created: 512x256x4 minecraft:textures/atlas/shulker_boxes.png-atlas
[13:17:02] [Render thread/INFO] (Minecraft) Created: 512x256x0 minecraft:textures/atlas/particles.png-atlas
[13:17:02] [Render thread/INFO] (Minecraft) Created: 512x256x0 minecraft:textures/atlas/paintings.png-atlas
[13:17:02] [Render thread/INFO] (Minecraft) Created: 256x128x0 minecraft:textures/atlas/mob_effects.png-atlas
[13:17:02] [Render thread/INFO] (Minecraft) Created: 64x64x0 minecraft:textures/atlas/map_decorations.png-atlas
[13:17:02] [Render thread/INFO] (Minecraft) Created: 1024x512x0 minecraft:textures/atlas/gui.png-atlas
[13:17:02] [Render thread/WARN] (Minecraft) Shader rendertype_entity_translucent_emissive could not find sampler named Sampler2 in the specified shader program.
[13:17:14] [Render thread/INFO] (Minecraft) Loaded 1291 recipes
[13:17:14] [Render thread/INFO] (Minecraft) Loaded 1399 advancements
[13:17:16] [Render thread/INFO] (BiomeModificationImpl) Applied 122 biome modifications to 63 of 64 new biomes in 21.38 ms
[13:17:16] [Server thread/INFO] (Minecraft) Starting integrated minecraft server version 1.21.1
[13:17:16] [Server thread/INFO] (Minecraft) Generating keypair
[13:17:19] [Server thread/INFO] (Minecraft) Preparing start region for dimension minecraft:overworld
[13:17:20] [Render thread/INFO] (Minecraft) Preparing spawn area: 0%
[13:17:20] [Render thread/INFO] (Minecraft) Preparing spawn area: 0%
[13:17:20] [Render thread/INFO] (Minecraft) Preparing spawn area: 6%
[13:17:21] [Render thread/INFO] (Minecraft) Time elapsed: 1200 ms
[13:17:21] [Server thread/INFO] (BlocklingsConstants) Blocklings server starting — integrations: standalone
[13:17:21] [Server thread/INFO] (blocklings/spawn) [SpawnDebug] ===== BIOME SPAWN DUMP (CREATURE) type=blocklings:blockling =====
[13:17:21] [Server thread/INFO] (blocklings/spawn) [SpawnDebug] biome=minecraft:plains creatureProb=0.1 creatureEntries=7 hasBlockling=true weight=24 group=1-2
[13:17:21] [Server thread/INFO] (blocklings/spawn) [SpawnDebug] biome=minecraft:forest creatureProb=0.1 creatureEntries=7 hasBlockling=true weight=24 group=1-2
[13:17:21] [Server thread/INFO] (blocklings/spawn) [SpawnDebug] biome=minecraft:stony_shore creatureProb=0.1 creatureEntries=1 hasBlockling=true weight=24 group=1-2
[13:17:21] [Server thread/INFO] (blocklings/spawn) [SpawnDebug] biome=minecraft:beach creatureProb=0.1 creatureEntries=2 hasBlockling=true weight=24 group=1-2
[13:17:21] [Server thread/INFO] (blocklings/spawn) [SpawnDebug] biome=minecraft:ocean creatureProb=0.1 creatureEntries=1 hasBlockling=true weight=24 group=1-2
[13:17:21] [Server thread/INFO] (blocklings/spawn) [SpawnDebug] =======================================
[13:17:21] [Server thread/INFO] (Minecraft) Changing view distance to 12, from 10
[13:17:21] [Server thread/INFO] (Minecraft) Changing simulation distance to 12, from 0
[13:17:22] [Server thread/INFO] (Minecraft) Player258[local:E:73cf692d] logged in with entity id 2 at (-432.47301856097806, 72.0, -23.723686121147185)
[13:17:23] [Server thread/INFO] (Minecraft) Player258 joined the game
[13:17:23] [Render thread/INFO] (Minecraft) Loaded 3 advancements
[13:17:24] [Server thread/INFO] (BlocklingsConstants) Creating valid attack targets map.
[13:17:24] [Server thread/WARN] (BlocklingsConstants) Failed to create entity: minecraft:player
[13:17:24] [Server thread/INFO] (blocklings/spawn) [SpawnDebug] FINALIZE id=4 reason=MOB_SUMMONED type=dirt pos=BlockPos{x=-439, y=72, z=-17} biome=minecraft:plains
[13:17:24] [Server thread/INFO] (Minecraft) Player258 has made the advancement [Best Friends Forever]
[13:17:24] [Render thread/INFO] (Minecraft) [System] [CHAT] Player258 has made the advancement [Best Friends Forever]
[13:17:24] [Server thread/INFO] (blocklings/spawn) [SpawnDebug] FINALIZE id=143 reason=MOB_SUMMONED type=dirt pos=BlockPos{x=-423, y=72, z=-19} biome=minecraft:plains
[13:17:24] [Server thread/INFO] (blocklings/spawn) [SpawnDebug] FINALIZE id=144 reason=MOB_SUMMONED type=dirt pos=BlockPos{x=-436, y=72, z=-26} biome=minecraft:plains
[13:17:24] [Server thread/INFO] (blocklings/spawn) [SpawnDebug] FINALIZE id=145 reason=MOB_SUMMONED type=dirt pos=BlockPos{x=-431, y=72, z=-26} biome=minecraft:plains
[13:17:24] [Server thread/INFO] (blocklings/spawn) [SpawnDebug] FINALIZE id=146 reason=MOB_SUMMONED type=grass pos=BlockPos{x=-440, y=74, z=-29} biome=minecraft:plains
[13:17:24] [Server thread/INFO] (BlocklingsConstants) Starter spawn: 5 blockling(s) near Player258 (bd5f3729-fa57-3746-815c-264ae5fac332)
[13:17:24] [Server thread/WARN] (Minecraft) Can't keep up! Is the server overloaded? Running 2029ms or 40 ticks behind
[13:17:24] [Render thread/INFO] (Minecraft) Loaded 9 advancements
[13:17:26] [Server thread/INFO] (BlocklingsConstants) Creating ores list.
[13:17:26] [Server thread/INFO] (BlocklingsConstants) Ores list size: 19
[13:17:36] [Server thread/INFO] (BlocklingsConstants) Creating trees list.
[13:17:36] [Server thread/INFO] (BlocklingsConstants) Logs list size: 10
[13:17:42] [Server thread/WARN] (Minecraft) Can't keep up! Is the server overloaded? Running 2360ms or 47 ticks behind
[13:17:54] [Server thread/INFO] (Minecraft) Saving and pausing game...
[13:17:54] [Server thread/INFO] (Minecraft) Saving chunks for level 'ServerLevel[New World]'/minecraft:overworld
[13:17:54] [Server thread/INFO] (Minecraft) Saving chunks for level 'ServerLevel[New World]'/minecraft:the_nether
[13:17:54] [Server thread/INFO] (Minecraft) Saving chunks for level 'ServerLevel[New World]'/minecraft:the_end
[13:17:54] [Server thread/INFO] (Minecraft) Player258 lost connection: Disconnected
[13:17:54] [Server thread/INFO] (Minecraft) Player258 left the game
[13:17:55] [Server thread/INFO] (Minecraft) Stopping singleplayer server as player logged out
[13:17:55] [Server thread/INFO] (Minecraft) Stopping server
[13:17:55] [Server thread/INFO] (Minecraft) Saving players
[13:17:55] [Server thread/INFO] (Minecraft) Saving worlds
[13:17:55] [Server thread/INFO] (Minecraft) Saving chunks for level 'ServerLevel[New World]'/minecraft:overworld
[13:17:56] [Server thread/INFO] (Minecraft) Saving chunks for level 'ServerLevel[New World]'/minecraft:the_nether
[13:17:56] [Server thread/INFO] (Minecraft) Saving chunks for level 'ServerLevel[New World]'/minecraft:the_end
[13:17:56] [Server thread/INFO] (Minecraft) ThreadedAnvilChunkStorage (New World (1)): All chunks are saved
[13:17:56] [Server thread/INFO] (Minecraft) ThreadedAnvilChunkStorage (DIM-1): All chunks are saved
[13:17:56] [Server thread/INFO] (Minecraft) ThreadedAnvilChunkStorage (DIM1): All chunks are saved
[13:17:56] [Server thread/INFO] (Minecraft) ThreadedAnvilChunkStorage: All dimensions are saved
[13:18:02] [Render thread/INFO] (Minecraft) Deleting level New World (1)
[13:18:02] [Render thread/INFO] (Minecraft) Attempt 1...
[13:18:04] [Render thread/INFO] (Minecraft) Loaded 1291 recipes
[13:18:05] [Render thread/INFO] (Minecraft) Loaded 1399 advancements
[13:18:08] [Render thread/INFO] (BiomeModificationImpl) Applied 122 biome modifications to 63 of 64 new biomes in 3.128 ms
[13:18:08] [Server thread/INFO] (Minecraft) Starting integrated minecraft server version 1.21.1
[13:18:08] [Server thread/INFO] (Minecraft) Generating keypair
[13:18:15] [Server thread/INFO] (Minecraft) Preparing start region for dimension minecraft:overworld
[13:18:16] [Render thread/INFO] (Minecraft) Preparing spawn area: 2%
[13:18:16] [Render thread/INFO] (Minecraft) Preparing spawn area: 2%
[13:18:17] [Render thread/INFO] (Minecraft) Preparing spawn area: 2%
[13:18:17] [Render thread/INFO] (Minecraft) Preparing spawn area: 2%
[13:18:18] [Render thread/INFO] (Minecraft) Preparing spawn area: 18%
[13:18:18] [Render thread/INFO] (Minecraft) Preparing spawn area: 18%
[13:18:19] [Render thread/INFO] (Minecraft) Preparing spawn area: 18%
[13:18:19] [Render thread/INFO] (Minecraft) Preparing spawn area: 18%
[13:18:19] [Render thread/INFO] (Minecraft) Preparing spawn area: 18%
[13:18:20] [Render thread/INFO] (Minecraft) Preparing spawn area: 22%
[13:18:21] [Render thread/INFO] (Minecraft) Preparing spawn area: 51%
[13:18:21] [Render thread/INFO] (Minecraft) Preparing spawn area: 51%
[13:18:21] [Render thread/INFO] (Minecraft) Preparing spawn area: 51%
[13:18:22] [Render thread/INFO] (Minecraft) Preparing spawn area: 51%
[13:18:22] [Render thread/INFO] (Minecraft) Time elapsed: 6952 ms
[13:18:22] [Server thread/INFO] (BlocklingsConstants) Blocklings server starting — integrations: standalone
[13:18:22] [Server thread/INFO] (blocklings/spawn) [SpawnDebug] ===== BIOME SPAWN DUMP (CREATURE) type=blocklings:blockling =====
[13:18:22] [Server thread/INFO] (blocklings/spawn) [SpawnDebug] biome=minecraft:plains creatureProb=0.1 creatureEntries=7 hasBlockling=true weight=24 group=1-2
[13:18:22] [Server thread/INFO] (blocklings/spawn) [SpawnDebug] biome=minecraft:forest creatureProb=0.1 creatureEntries=7 hasBlockling=true weight=24 group=1-2
[13:18:22] [Server thread/INFO] (blocklings/spawn) [SpawnDebug] biome=minecraft:stony_shore creatureProb=0.1 creatureEntries=1 hasBlockling=true weight=24 group=1-2
[13:18:22] [Server thread/INFO] (blocklings/spawn) [SpawnDebug] biome=minecraft:beach creatureProb=0.1 creatureEntries=2 hasBlockling=true weight=24 group=1-2
[13:18:22] [Server thread/INFO] (blocklings/spawn) [SpawnDebug] biome=minecraft:ocean creatureProb=0.1 creatureEntries=1 hasBlockling=true weight=24 group=1-2
[13:18:22] [Server thread/INFO] (blocklings/spawn) [SpawnDebug] =======================================
[13:18:22] [Server thread/INFO] (Minecraft) Changing view distance to 12, from 10
[13:18:22] [Server thread/INFO] (Minecraft) Changing simulation distance to 12, from 0
[13:18:23] [Server thread/INFO] (Minecraft) Player258[local:E:dd8d8709] logged in with entity id 638 at (-2.5, 71.0, -1.5)
[13:18:23] [Server thread/INFO] (Minecraft) Player258 joined the game
[13:18:23] [Server thread/INFO] (blocklings/spawn) [SpawnDebug] FINALIZE id=639 reason=MOB_SUMMONED type=grass pos=BlockPos{x=-15, y=81, z=-5} biome=minecraft:plains
[13:18:23] [Server thread/INFO] (Minecraft) Player258 has made the advancement [Best Friends Forever]
[13:18:23] [Server thread/INFO] (blocklings/spawn) [SpawnDebug] FINALIZE id=640 reason=MOB_SUMMONED type=dirt pos=BlockPos{x=-4, y=72, z=-7} biome=minecraft:plains
[13:18:23] [Server thread/INFO] (blocklings/spawn) [SpawnDebug] FINALIZE id=641 reason=MOB_SUMMONED type=dirt pos=BlockPos{x=-8, y=71, z=1} biome=minecraft:plains
[13:18:23] [Render thread/INFO] (Minecraft) Loaded 2 advancements
[13:18:23] [Server thread/INFO] (blocklings/spawn) [SpawnDebug] FINALIZE id=643 reason=MOB_SUMMONED type=dirt pos=BlockPos{x=-14, y=79, z=-2} biome=minecraft:plains
[13:18:23] [Render thread/INFO] (Minecraft) [System] [CHAT] Player258 has made the advancement [Best Friends Forever]
[13:18:23] [Server thread/INFO] (blocklings/spawn) [SpawnDebug] FINALIZE id=644 reason=MOB_SUMMONED type=dirt pos=BlockPos{x=5, y=68, z=-10} biome=minecraft:plains
[13:18:23] [Server thread/INFO] (BlocklingsConstants) Starter spawn: 5 blockling(s) near Player258 (bd5f3729-fa57-3746-815c-264ae5fac332)
[13:18:23] [Render thread/INFO] (Minecraft) Loaded 8 advancements
[13:18:29] [Server thread/INFO] (Minecraft) Saving and pausing game...
[13:18:29] [Server thread/INFO] (Minecraft) Saving chunks for level 'ServerLevel[New World]'/minecraft:overworld
[13:18:29] [Server thread/INFO] (Minecraft) Saving chunks for level 'ServerLevel[New World]'/minecraft:the_nether
[13:18:29] [Server thread/INFO] (Minecraft) Saving chunks for level 'ServerLevel[New World]'/minecraft:the_end
[13:18:37] [Worker-Main-6/INFO] (blocklings/spawn) [SpawnDebug] SUMMARY place=1/1 rules=0/0 fail[support=0 nearby=0 noType=0 dupType=0] chooseOk=0 finalize=10
[13:18:37] [Worker-Main-6/INFO] (blocklings/spawn) [SpawnDebug] ACCEPT reason=CHUNK_GENERATION type=oak_log pos=BlockPos{x=-89, y=105, z=-84} biome=minecraft:savanna below=Block{minecraft:grass_block}
[13:18:37] [Worker-Main-6/INFO] (blocklings/spawn) [SpawnDebug] FINALIZE id=743 reason=CHUNK_GENERATION type=oak_log pos=BlockPos{x=-89, y=105, z=-84} biome=minecraft:savanna
[13:18:37] [Worker-Main-6/INFO] (blocklings/spawn) [SpawnDebug] ACCEPT reason=CHUNK_GENERATION type=dirt pos=BlockPos{x=-93, y=102, z=-84} biome=minecraft:savanna below=Block{minecraft:grass_block}
[13:18:37] [Worker-Main-6/INFO] (blocklings/spawn) [SpawnDebug] FINALIZE id=744 reason=CHUNK_GENERATION type=dirt pos=BlockPos{x=-93, y=102, z=-84} biome=minecraft:savanna
[13:18:39] [Worker-Main-9/INFO] (blocklings/spawn) [SpawnDebug] ACCEPT reason=CHUNK_GENERATION type=grass pos=BlockPos{x=-87, y=64, z=97} biome=minecraft:forest below=Block{minecraft:grass_block}
[13:18:39] [Worker-Main-9/INFO] (blocklings/spawn) [SpawnDebug] FINALIZE id=747 reason=CHUNK_GENERATION type=grass pos=BlockPos{x=-87, y=64, z=97} biome=minecraft:forest
[13:18:51] [Worker-Main-8/INFO] (blocklings/spawn) [SpawnDebug] SUMMARY place=4/4 rules=3/3 fail[support=0 nearby=0 noType=0 dupType=0] chooseOk=3 finalize=13
[13:18:51] [Worker-Main-8/INFO] (blocklings/spawn) [SpawnDebug] ACCEPT reason=CHUNK_GENERATION type=oak_log pos=BlockPos{x=131, y=71, z=71} biome=minecraft:forest below=Block{minecraft:grass_block}
[13:18:51] [Worker-Main-8/INFO] (blocklings/spawn) [SpawnDebug] FINALIZE id=795 reason=CHUNK_GENERATION type=oak_log pos=BlockPos{x=131, y=71, z=71} biome=minecraft:forest
[13:18:52] [Worker-Main-8/INFO] (blocklings/spawn) [SpawnDebug] ACCEPT reason=CHUNK_GENERATION type=birch_log pos=BlockPos{x=134, y=103, z=-34} biome=minecraft:forest below=Block{minecraft:grass_block}
[13:18:52] [Worker-Main-8/INFO] (blocklings/spawn) [SpawnDebug] FINALIZE id=797 reason=CHUNK_GENERATION type=birch_log pos=BlockPos{x=134, y=103, z=-34} biome=minecraft:forest
[13:18:52] [Worker-Main-8/INFO] (blocklings/spawn) [SpawnDebug] ACCEPT reason=CHUNK_GENERATION type=birch_log pos=BlockPos{x=132, y=104, z=-37} biome=minecraft:forest below=Block{minecraft:grass_block}
[13:18:52] [Worker-Main-8/INFO] (blocklings/spawn) [SpawnDebug] FINALIZE id=798 reason=CHUNK_GENERATION type=birch_log pos=BlockPos{x=132, y=104, z=-37} biome=minecraft:forest
[13:18:55] [Worker-Main-1/INFO] (blocklings/spawn) [SpawnDebug] ACCEPT reason=CHUNK_GENERATION type=oak_log pos=BlockPos{x=-56, y=64, z=145} biome=minecraft:forest below=Block{minecraft:grass_block}
[13:18:55] [Worker-Main-1/INFO] (blocklings/spawn) [SpawnDebug] FINALIZE id=813 reason=CHUNK_GENERATION type=oak_log pos=BlockPos{x=-56, y=64, z=145} biome=minecraft:forest
[13:19:07] [Worker-Main-3/INFO] (blocklings/spawn) [SpawnDebug] SUMMARY place=8/8 rules=7/7 fail[support=0 nearby=0 noType=0 dupType=0] chooseOk=7 finalize=17
[13:19:07] [Worker-Main-3/INFO] (blocklings/spawn) [SpawnDebug] ACCEPT reason=CHUNK_GENERATION type=dirt pos=BlockPos{x=-184, y=63, z=61} biome=minecraft:plains below=Block{minecraft:grass_block}
[13:19:07] [Worker-Main-3/INFO] (blocklings/spawn) [SpawnDebug] FINALIZE id=846 reason=CHUNK_GENERATION type=dirt pos=BlockPos{x=-184, y=63, z=61} biome=minecraft:plains
[13:19:07] [Worker-Main-3/INFO] (blocklings/spawn) [SpawnDebug] ACCEPT reason=CHUNK_GENERATION type=stone pos=BlockPos{x=-191, y=63, z=55} biome=minecraft:plains below=Block{minecraft:sand}
[13:19:07] [Worker-Main-3/INFO] (blocklings/spawn) [SpawnDebug] FINALIZE id=847 reason=CHUNK_GENERATION type=stone pos=BlockPos{x=-191, y=63, z=55} biome=minecraft:plains
[13:19:09] [Worker-Main-7/INFO] (blocklings/spawn) [SpawnDebug] ACCEPT reason=CHUNK_GENERATION type=birch_log pos=BlockPos{x=168, y=85, z=24} biome=minecraft:forest below=Block{minecraft:grass_block}
[13:19:09] [Worker-Main-7/INFO] (blocklings/spawn) [SpawnDebug] FINALIZE id=852 reason=CHUNK_GENERATION type=birch_log pos=BlockPos{x=168, y=85, z=24} biome=minecraft:forest
[13:19:09] [Worker-Main-7/INFO] (blocklings/spawn) [SpawnDebug] ACCEPT reason=CHUNK_GENERATION type=oak_log pos=BlockPos{x=167, y=85, z=22} biome=minecraft:forest below=Block{minecraft:grass_block}
[13:19:09] [Worker-Main-7/INFO] (blocklings/spawn) [SpawnDebug] FINALIZE id=853 reason=CHUNK_GENERATION type=oak_log pos=BlockPos{x=167, y=85, z=22} biome=minecraft:forest
[13:19:10] [Worker-Main-6/INFO] (blocklings/spawn) [SpawnDebug] ACCEPT reason=CHUNK_GENERATION type=dirt pos=BlockPos{x=-181, y=97, z=-136} biome=minecraft:savanna below=Block{minecraft:grass_block}
[13:19:10] [Worker-Main-6/INFO] (blocklings/spawn) [SpawnDebug] FINALIZE id=857 reason=CHUNK_GENERATION type=dirt pos=BlockPos{x=-181, y=97, z=-136} biome=minecraft:savanna
[13:19:12] [Worker-Main-4/INFO] (blocklings/spawn) [SpawnDebug] ACCEPT reason=CHUNK_GENERATION type=birch_log pos=BlockPos{x=115, y=68, z=177} biome=minecraft:forest below=Block{minecraft:grass_block}
[13:19:12] [Worker-Main-4/INFO] (blocklings/spawn) [SpawnDebug] FINALIZE id=861 reason=CHUNK_GENERATION type=birch_log pos=BlockPos{x=115, y=68, z=177} biome=minecraft:forest
[13:19:16] [Worker-Main-5/INFO] (blocklings/spawn) [SpawnDebug] ACCEPT reason=CHUNK_GENERATION type=birch_log pos=BlockPos{x=188, y=96, z=30} biome=minecraft:forest below=Block{minecraft:grass_block}
[13:19:16] [Worker-Main-5/INFO] (blocklings/spawn) [SpawnDebug] FINALIZE id=880 reason=CHUNK_GENERATION type=birch_log pos=BlockPos{x=188, y=96, z=30} biome=minecraft:forest
[13:19:27] [Worker-Main-10/INFO] (blocklings/spawn) [SpawnDebug] SUMMARY place=15/15 rules=14/14 fail[support=0 nearby=0 noType=0 dupType=0] chooseOk=14 finalize=24
[13:19:27] [Worker-Main-10/INFO] (blocklings/spawn) [SpawnDebug] ACCEPT reason=CHUNK_GENERATION type=dirt pos=BlockPos{x=-210, y=88, z=44} biome=minecraft:plains below=Block{minecraft:grass_block}
[13:19:27] [Worker-Main-10/INFO] (blocklings/spawn) [SpawnDebug] FINALIZE id=927 reason=CHUNK_GENERATION type=dirt pos=BlockPos{x=-210, y=88, z=44} biome=minecraft:plains
[13:19:34] [Worker-Main-5/INFO] (blocklings/spawn) [SpawnDebug] REJECT cause=no_opaque_support reason=CHUNK_GENERATION pos=BlockPos{x=209, y=87, z=147} detail=Block{minecraft:air} worldClass=WorldGenRegion
[13:19:34] [Worker-Main-5/INFO] (blocklings/spawn) [SpawnDebug] ACCEPT reason=CHUNK_GENERATION type=oak_log pos=BlockPos{x=209, y=89, z=148} biome=minecraft:forest below=Block{minecraft:grass_block}
[13:19:34] [Worker-Main-5/INFO] (blocklings/spawn) [SpawnDebug] FINALIZE id=978 reason=CHUNK_GENERATION type=oak_log pos=BlockPos{x=209, y=89, z=148} biome=minecraft:forest
[13:19:34] [Worker-Main-1/INFO] (blocklings/spawn) [SpawnDebug] ACCEPT reason=CHUNK_GENERATION type=grass pos=BlockPos{x=219, y=80, z=-156} biome=minecraft:savanna below=Block{minecraft:grass_block}
[13:19:34] [Worker-Main-1/INFO] (blocklings/spawn) [SpawnDebug] FINALIZE id=979 reason=CHUNK_GENERATION type=grass pos=BlockPos{x=219, y=80, z=-156} biome=minecraft:savanna
[13:19:39] [Server thread/WARN] (Minecraft) Can't keep up! Is the server overloaded? Running 2500ms or 50 ticks behind
[13:19:48] [Server thread/INFO] (BlocklingsConstants) Creating trees list.
[13:19:48] [Server thread/INFO] (BlocklingsConstants) Logs list size: 10
[13:19:51] [Worker-Main-11/INFO] (blocklings/spawn) [SpawnDebug] SUMMARY place=19/19 rules=17/18 fail[support=1 nearby=0 noType=0 dupType=0] chooseOk=17 finalize=27
[13:19:51] [Worker-Main-11/INFO] (blocklings/spawn) [SpawnDebug] ACCEPT reason=CHUNK_GENERATION type=grass pos=BlockPos{x=-60, y=117, z=-232} biome=minecraft:savanna below=Block{minecraft:grass_block}
[13:19:51] [Worker-Main-11/INFO] (blocklings/spawn) [SpawnDebug] FINALIZE id=1382 reason=CHUNK_GENERATION type=grass pos=BlockPos{x=-60, y=117, z=-232} biome=minecraft:savanna
[13:20:09] [Worker-Main-6/INFO] (blocklings/spawn) [SpawnDebug] SUMMARY place=20/20 rules=18/19 fail[support=1 nearby=0 noType=0 dupType=0] chooseOk=18 finalize=28
[13:20:09] [Worker-Main-6/INFO] (blocklings/spawn) [SpawnDebug] REJECT cause=no_opaque_support reason=CHUNK_GENERATION pos=BlockPos{x=190, y=88, z=241} detail=Block{minecraft:air} worldClass=WorldGenRegion
[13:20:09] [Worker-Main-6/INFO] (blocklings/spawn) [SpawnDebug] REJECT cause=no_opaque_support reason=CHUNK_GENERATION pos=BlockPos{x=190, y=88, z=241} detail=Block{minecraft:air} worldClass=WorldGenRegion
[13:20:14] [Worker-Main-4/INFO] (blocklings/spawn) [SpawnDebug] ACCEPT reason=CHUNK_GENERATION type=birch_log pos=BlockPos{x=223, y=78, z=253} biome=minecraft:forest below=Block{minecraft:grass_block}
[13:20:14] [Worker-Main-4/INFO] (blocklings/spawn) [SpawnDebug] FINALIZE id=1617 reason=CHUNK_GENERATION type=birch_log pos=BlockPos{x=223, y=78, z=253} biome=minecraft:forest
[13:20:23] [Server thread/INFO] (Minecraft) Saving and pausing game...
[13:20:23] [Server thread/INFO] (Minecraft) Saving chunks for level 'ServerLevel[New World]'/minecraft:overworld
[13:20:23] [Server thread/INFO] (Minecraft) Saving chunks for level 'ServerLevel[New World]'/minecraft:the_nether
[13:20:24] [Server thread/INFO] (Minecraft) Saving chunks for level 'ServerLevel[New World]'/minecraft:the_end
[13:21:04] [Server thread/INFO] (Minecraft) Saving and pausing game...
[13:21:04] [Server thread/INFO] (Minecraft) Saving chunks for level 'ServerLevel[New World]'/minecraft:overworld
[13:21:05] [Server thread/INFO] (Minecraft) Saving chunks for level 'ServerLevel[New World]'/minecraft:the_nether
[13:21:05] [Server thread/INFO] (Minecraft) Saving chunks for level 'ServerLevel[New World]'/minecraft:the_end
[13:21:06] [Server thread/INFO] (Minecraft) Player258 lost connection: Disconnected
[13:21:06] [Server thread/INFO] (Minecraft) Player258 left the game
[13:21:06] [Server thread/INFO] (Minecraft) Stopping singleplayer server as player logged out
[13:21:06] [Server thread/INFO] (Minecraft) Stopping server
[13:21:06] [Server thread/INFO] (Minecraft) Saving players
[13:21:06] [Server thread/INFO] (Minecraft) Saving worlds
[13:21:07] [Server thread/INFO] (Minecraft) Saving chunks for level 'ServerLevel[New World]'/minecraft:overworld
[13:21:13] [Server thread/INFO] (Minecraft) Saving chunks for level 'ServerLevel[New World]'/minecraft:the_nether
[13:21:13] [Server thread/INFO] (Minecraft) Saving chunks for level 'ServerLevel[New World]'/minecraft:the_end
[13:21:13] [Server thread/INFO] (Minecraft) ThreadedAnvilChunkStorage (New World (1)): All chunks are saved
[13:21:13] [Server thread/INFO] (Minecraft) ThreadedAnvilChunkStorage (DIM-1): All chunks are saved
[13:21:13] [Server thread/INFO] (Minecraft) ThreadedAnvilChunkStorage (DIM1): All chunks are saved
[13:21:13] [Server thread/INFO] (Minecraft) ThreadedAnvilChunkStorage: All dimensions are saved
[13:21:17] [Render thread/INFO] (Minecraft) Stopping!
